<html>
<body>
<pre>
<h1>礦ision Build Log</h1>
<h2>Tool Versions:</h2>
IDE-Version: μVision V5.14.0.0
Copyright (C) 2015 ARM Ltd and ARM Germany GmbH. All rights reserved.
License Information: wuya Administrator, wuya, LIC=P6FZ9-40C2X-5ATDF-6K2DU-TE5BU-CSH4H
 
Tool Versions:
Toolchain:       MDK-ARM Professional  Version: 5.14.0.0
Toolchain Path:  E:\MDK5\ARM\ARMCC\Bin
C Compiler:      Armcc.exe V5.05 update 1 (build 106)
Assembler:       Armasm.exe V5.05 update 1 (build 106)
Linker/Locator:  ArmLink.exe V5.05 update 1 (build 106)
Library Manager: ArmAr.exe V5.05 update 1 (build 106)
Hex Converter:   FromElf.exe V5.05 update 1 (build 106)
CPU DLL:         SARMCM3.DLL V5.14.0.0
Dialog DLL:      DARMSTM.DLL V1.65.0.0
Target DLL:      Segger\JL2CM3.dll V2.99.13.0
Dialog DLL:      TARMSTM.DLL V1.64.0.0
 
<h2>Project:</h2>
D:\工作\智能锁资料\指纹程序\smart_lock\Project\smart_lock.uvprojx
Project File Date:  10/11/2018

<h2>Output:</h2>
Build target 'smart_lock'
compiling main.c...
main.c(25): warning:  #177-D: variable "str" was declared but never referenced
        char *str;      
main.c: 1 warning, 0 errors
compiling stm32f10x_it.c...
compiling system_stm32f10x.c...
compiling core_cm3.c...
assembling startup_stm32f10x_hd.s...
compiling misc.c...
compiling stm32f10x_gpio.c...
compiling stm32f10x_spi.c...
compiling stm32f10x_usart.c...
compiling stm32f10x_tim.c...
compiling stm32f10x_rcc.c...
compiling delay.c...
compiling sys.c...
compiling usart.c...
compiling BF5325A.c...
..\User\BF5325A\BF5325A.c(645): warning:  #177-D: variable "str" was declared but never referenced
        char *str;
..\User\BF5325A\BF5325A.c(682): warning:  #177-D: variable "success_count" was declared but never referenced
        u8 ensure,GetImage_count=0,success_count=0;
..\User\BF5325A\BF5325A.c: 2 warnings, 0 errors
compiling key.c...
compiling led.c...
compiling timer.c...
compiling LQ12864.c...
..\User\OLED\LQ12864.h(26): warning:  #1295-D: Deprecated declaration Image_clear - give arg types
   void Image_clear();//
..\User\OLED\LQ12864.c(988): warning:  #223-D: function "sprintf" declared implicitly
    sprintf(data,"%3d ",num);//3
..\User\OLED\LQ12864.c: 2 warnings, 0 errors
compiling ui.c...
..\User\UI\ui.h(9): warning:  #1295-D: Deprecated declaration Packet_Handle - give arg types
  void Packet_Handle();
..\User\UI\ui.h(10): warning:  #1295-D: Deprecated declaration play_Packet_Handle - give arg types
  void play_Packet_Handle();
..\User\OLED\LQ12864.h(26): warning:  #1295-D: Deprecated declaration Image_clear - give arg types
   void Image_clear();//
..\User\UI\ui.c(17): warning:  #177-D: variable "mainMenu" was declared but never referenced
  static const char * const mainMenu[] = {
..\User\UI\ui.c: 4 warnings, 0 errors
linking...
Program Size: Code=13774 RO-data=378 RW-data=68 ZI-data=2644  
".\smart_lock.axf" - 0 Error(s), 9 Warning(s).

<h2>Collection of Component include folders:</h2>
  D:\工作\智能锁资料\指纹程序\smart_lock\Project\RTE
  E:\MDK5\ARM\PACK\Keil\STM32F1xx_DFP\1.0.5\Device\Include

<h2>Collection of Component Files used:</h2>
</pre>
</body>
</html>
